[  0%] Generating generated/help_content.inc
[  1%] Building C object src/tools/g64/CMakeFiles/g64.dir/g64.c.o
[  1%] Building C object external/CMakeFiles/c64m_stb_image.dir/stb/stb_image_impl.c.o
[  1%] Building C object external/CMakeFiles/c64m_inih.dir/inih/ini.c.o
[  1%] Building C object external/CMakeFiles/c64m_logc.dir/logc/log.c.o
[  1%] Building C object external/CMakeFiles/c64m_tiny_regex.dir/tiny-regex-c/re.c.o
[  2%] Building C object external/CMakeFiles/c64m_stb_ds.dir/stb/stb_ds_impl.c.o
[  2%] Building C object src/tools/d64/CMakeFiles/d64.dir/d64.c.o
[  3%] Linking C static library libc64m_inih.a
[  3%] Linking C static library libc64m_logc.a
[  3%] Linking C static library libc64m_stb_ds.a
[  3%] Linking C static library libd64.a
[  4%] Linking C static library libc64m_tiny_regex.a
[  4%] Built target c64m_logc
[  4%] Linking C static library libg64.a
[  4%] Built target d64
[  4%] Built target c64m_inih
[  4%] Built target c64m_stb_ds
[  4%] Building C object src/tools/t64/CMakeFiles/t64.dir/t64.c.o
[  4%] Building C object src/tools/crt/CMakeFiles/crt.dir/crt.c.o
[  5%] Building C object src/tools/am65/CMakeFiles/am65lib.dir/asm.c.o
[  6%] Building C object src/tools/disasm_6502/CMakeFiles/disasm_6502.dir/disasm_6502.c.o
[  6%] Built target g64
[  7%] Linking C static library libt64.a
[  8%] Building C object external/CMakeFiles/c64m_argparse.dir/argparse/argparse.c.o
[  8%] Built target c64m_tiny_regex
[  8%] Building C object src/tools/am65/CMakeFiles/am65lib.dir/define.c.o
[  8%] Built target t64
[  8%] Linking C static library libc64m_argparse.a
[  8%] Building C object CMakeFiles/test_g64.dir/tests/tools/test_g64.c.o
[  9%] Linking C static library libcrt.a
[  9%] Building C object src/tools/am65/CMakeFiles/am65lib.dir/dynarray.c.o
[  9%] Linking C static library libdisasm_6502.a
[  9%] Built target c64m_argparse
[ 10%] Building C object src/tools/am65/CMakeFiles/am65lib.dir/emit.c.o
[ 11%] Linking C executable test_g64
[ 12%] Building C object CMakeFiles/test_window_title.dir/src/frontend/window_title.c.o
[ 12%] Built target crt
[ 12%] Built target disasm_6502
[ 12%] Building C object src/tools/am65/CMakeFiles/am65lib.dir/errorlog.c.o
[ 13%] Built target test_g64
[ 13%] Building C object CMakeFiles/test_crt_renderer.dir/src/frontend/crt_renderer.c.o
[ 14%] Building C object CMakeFiles/test_d64.dir/tests/tools/test_d64.c.o
[ 14%] Building C object CMakeFiles/test_window_title.dir/tests/frontend/test_window_title.c.o
[ 14%] Building C object CMakeFiles/test_t64.dir/tests/tools/test_t64.c.o
[ 14%] Building C object CMakeFiles/test_crt_renderer.dir/tests/frontend/test_crt_renderer.c.o
[ 15%] Building C object CMakeFiles/test_crt.dir/tests/tools/test_crt.c.o
[ 15%] Building C object src/tools/am65/CMakeFiles/am65lib.dir/err.c.o
[ 15%] Linking C executable test_d64
[ 15%] Linking C executable test_window_title
[ 16%] Linking C executable test_t64
[ 17%] Building C object src/tools/am65/CMakeFiles/am65lib.dir/expr.c.o
[ 17%] Building C object src/tools/am65/CMakeFiles/am65lib.dir/file.c.o
[ 17%] Built target test_window_title
[ 17%] Built target test_t64
[ 17%] Built target test_d64
[ 17%] Linking C executable test_crt_renderer
[ 18%] Building C object src/tools/am65/CMakeFiles/am65lib.dir/gperf.c.o
[ 18%] Built target frontend_help_content
[ 18%] Building C object external/CMakeFiles/c64m_whereami.dir/whereami/whereami.c.o
[ 19%] Building C object src/util/CMakeFiles/util.dir/audio_buffer.c.o
[ 19%] Building C object src/tools/symbols/CMakeFiles/symbols.dir/symbol_file.c.o
[ 20%] Linking C static library libc64m_stb_image.a
[ 20%] Building C object src/tools/symbols/CMakeFiles/symbols.dir/symbol_table.c.o
[ 20%] Linking C executable test_crt
[ 20%] Built target test_crt_renderer
[ 20%] Linking C static library libc64m_whereami.a
[ 20%] Building C object CMakeFiles/test_disasm_pc_lock.dir/tests/frontend/test_disasm_pc_lock.c.o
[ 20%] Building C object src/util/CMakeFiles/util.dir/basic_v2.c.o
[ 20%] Built target c64m_stb_image
[ 20%] Building C object src/tools/am65/CMakeFiles/am65lib.dir/opcode.c.o
[ 20%] Built target test_crt
[ 21%] Building C object src/util/CMakeFiles/util.dir/c64m_log.c.o
[ 21%] Building C object src/util/CMakeFiles/util.dir/config.c.o
[ 21%] Building C object CMakeFiles/test_disasm_pc_lock.dir/src/frontend/disasm_pc_lock.c.o
[ 21%] Building C object CMakeFiles/test_disasm_6502.dir/tests/tools/test_disasm_6502.c.o
[ 21%] Built target c64m_whereami
[ 21%] Building C object src/util/CMakeFiles/util.dir/cond.c.o
[ 22%] Building C object src/util/CMakeFiles/util.dir/message_queue.c.o
[ 23%] Linking C static library libsymbols.a
[ 23%] Building C object src/tools/am65/CMakeFiles/am65lib.dir/parse.c.o
[ 24%] Linking C executable test_disasm_pc_lock
[ 25%] Linking C executable test_disasm_6502
[ 26%] Building C object src/tools/am65/CMakeFiles/am65lib.dir/scope.c.o
[ 26%] Building C object src/tools/am65/CMakeFiles/am65lib.dir/segment.c.o
[ 26%] Building C object src/util/CMakeFiles/util.dir/mutex.c.o
[ 26%] Built target symbols
[ 26%] Building C object src/util/CMakeFiles/util.dir/paste_parser.c.o
[ 26%] Built target test_disasm_pc_lock
[ 27%] Building C object src/util/CMakeFiles/util.dir/thread.c.o
[ 27%] Built target test_disasm_6502
[ 27%] Building C object src/tools/am65/CMakeFiles/am65lib.dir/symbol.c.o
[ 28%] Building C object CMakeFiles/test_symbol_table.dir/tests/tools/test_symbol_table.c.o
[ 28%] Building C object src/util/CMakeFiles/util.dir/util.c.o
[ 29%] Building C object src/tools/am65/CMakeFiles/am65lib.dir/token.c.o
[ 29%] Linking C executable test_symbol_table
[ 29%] Built target test_symbol_table
[ 29%] Linking C static library libam65lib.a
[ 29%] Built target am65lib
[ 29%] Building C object CMakeFiles/test_assembler_opcode_matrix.dir/tests/tools/test_assembler_opcode_matrix.c.o
[ 30%] Building C object CMakeFiles/test_assembler_expressions.dir/tests/tools/test_assembler_expressions.c.o
[ 30%] Building C object CMakeFiles/test_assembler_loops.dir/tests/tools/test_assembler_loops.c.o
[ 30%] Building C object CMakeFiles/test_assembler_targets.dir/tests/tools/test_assembler_targets.c.o
[ 30%] Building C object CMakeFiles/test_assembler_conditionals.dir/tests/tools/test_assembler_conditionals.c.o
[ 31%] Linking C executable test_assembler_loops
[ 31%] Linking C executable test_assembler_conditionals
[ 31%] Linking C executable test_assembler_opcode_matrix
[ 32%] Linking C executable test_assembler_targets
[ 32%] Linking C executable test_assembler_expressions
[ 32%] Built target test_assembler_loops
[ 32%] Built target test_assembler_conditionals
[ 32%] Built target test_assembler_expressions
[ 32%] Built target test_assembler_opcode_matrix
[ 32%] Built target test_assembler_targets
[ 32%] Building C object CMakeFiles/test_assembler_macros.dir/tests/tools/test_assembler_macros.c.o
[ 32%] Building C object src/tools/am65/CMakeFiles/am65.dir/main.c.o
[ 33%] Building C object CMakeFiles/test_assembler_scopes_segments.dir/tests/tools/test_assembler_scopes_segments.c.o
[ 34%] Linking C static library libutil.a
[ 35%] Linking C executable test_assembler_macros
[ 35%] Built target util
[ 35%] Built target test_assembler_macros
[ 35%] Linking C executable ../../../am65
[ 35%] Building C object CMakeFiles/test_audio_buffer.dir/tests/util/test_audio_buffer.c.o
[ 35%] Linking C executable test_assembler_scopes_segments
[ 35%] Building C object src/platform/CMakeFiles/platform.dir/platform.c.o
[ 36%] Building C object src/machine/CMakeFiles/machine.dir/cia.c.o
[ 37%] Building C object CMakeFiles/test_paste_parser.dir/tests/util/test_paste_parser.c.o
[ 38%] Building C object CMakeFiles/test_basic_v2.dir/tests/util/test_basic_v2.c.o
[ 38%] Building C object CMakeFiles/test_app_options.dir/src/app_options.c.o
[ 38%] Linking C executable test_audio_buffer
[ 38%] Built target am65
[ 38%] Building C object CMakeFiles/test_app_options.dir/tests/test_app_options.c.o
[ 38%] Built target test_assembler_scopes_segments
[ 38%] Linking C executable test_paste_parser
[ 38%] Building C object src/platform/CMakeFiles/platform.dir/platform_audio.c.o
[ 38%] Linking C executable test_basic_v2
[ 38%] Built target test_audio_buffer
[ 38%] Building C object src/machine/CMakeFiles/machine.dir/c1541.c.o
[ 38%] Building C object src/machine/CMakeFiles/machine.dir/c1541_gcr.c.o
[ 38%] Built target test_paste_parser
[ 39%] Building C object src/platform/CMakeFiles/platform.dir/platform_fs.c.o
[ 39%] Built target test_basic_v2
[ 39%] Building C object src/platform/CMakeFiles/platform.dir/platform_socket.c.o
[ 40%] Building C object src/machine/CMakeFiles/machine.dir/c1541_media.c.o
[ 40%] Building C object src/machine/CMakeFiles/machine.dir/c64.c.o
[ 40%] Building C object src/machine/CMakeFiles/machine.dir/c64_bus.c.o
[ 41%] Building C object src/machine/CMakeFiles/machine.dir/c64_frame.c.o
[ 41%] Building C object src/machine/CMakeFiles/machine.dir/c64_rom.c.o
[ 42%] Building C object src/machine/CMakeFiles/machine.dir/c64_snapshot.c.o
[ 42%] Building C object src/machine/CMakeFiles/machine.dir/c6510.c.o
[ 42%] Building C object src/machine/CMakeFiles/machine.dir/keyboard.c.o
[ 43%] Linking C executable test_app_options
[ 44%] Building C object src/machine/CMakeFiles/machine.dir/sid.c.o
[ 44%] Building C object src/machine/CMakeFiles/machine.dir/via6522.c.o
[ 44%] Built target test_app_options
[ 44%] Building C object src/machine/CMakeFiles/machine.dir/vicii.c.o
[ 45%] Linking C static library libplatform.a
[ 46%] Linking C static library libmachine.a
[ 46%] Built target platform
[ 46%] Built target machine
[ 47%] Building C object CMakeFiles/test_platform_fs.dir/tests/platform/test_platform_fs.c.o
[ 48%] Building C object CMakeFiles/test_c64_snapshot_1541_midload.dir/tests/machine/test_c64_snapshot_1541_midload.c.o
[ 50%] Building C object CMakeFiles/test_c64_snapshot.dir/tests/machine/test_c64_snapshot.c.o
[ 50%] Building C object CMakeFiles/test_c1541.dir/tests/machine/test_c1541.c.o
[ 51%] Building C object CMakeFiles/test_sid.dir/tests/machine/test_sid.c.o
[ 52%] Building C object CMakeFiles/test_c64_bus.dir/tests/machine/test_c64_bus.c.o
[ 52%] Building C object CMakeFiles/test_via6522.dir/tests/machine/test_via6522.c.o
[ 53%] Building C object src/runtime/CMakeFiles/runtime.dir/runtime_assembler.c.o
[ 53%] Linking C executable test_platform_fs
[ 53%] Linking C executable test_c64_snapshot_1541_midload
[ 53%] Building C object src/runtime/CMakeFiles/runtime.dir/runtime_client.c.o
[ 53%] Built target test_platform_fs
[ 53%] Linking C executable test_via6522
[ 53%] Building C object CMakeFiles/test_c1541_gcr.dir/tests/machine/test_c1541_gcr.c.o
[ 53%] Linking C executable test_c1541
[ 53%] Built target test_via6522
[ 53%] Built target test_c64_snapshot_1541_midload
[ 53%] Linking C executable test_c64_bus
[ 53%] Building C object CMakeFiles/test_c1541_media.dir/tests/machine/test_c1541_media.c.o
[ 54%] Linking C executable test_c1541_gcr
[ 54%] Building C object CMakeFiles/test_c64_rom.dir/tests/machine/test_c64_rom.c.o
[ 54%] Built target test_c1541
[ 54%] Building C object CMakeFiles/test_c64_frame.dir/tests/machine/test_c64_frame.c.o
[ 54%] Built target test_c64_bus
[ 54%] Built target test_c1541_gcr
[ 54%] Linking C executable test_c64_rom
[ 54%] Linking C executable test_c64_snapshot
[ 54%] Building C object CMakeFiles/test_c64_vicii.dir/tests/machine/test_c64_vicii.c.o
[ 55%] Linking C executable test_c64_frame
[ 55%] Linking C executable test_c1541_media
[ 55%] Building C object CMakeFiles/test_c64_cia.dir/tests/machine/test_c64_cia.c.o
[ 55%] Linking C executable test_sid
[ 55%] Built target test_c64_rom
[ 55%] Built target test_c1541_media
[ 55%] Built target test_c64_snapshot
[ 55%] Built target test_c64_frame
[ 55%] Building C object src/runtime/CMakeFiles/runtime.dir/runtime_breakpoint_condition.c.o
[ 56%] Building C object CMakeFiles/test_c64_boot_progression.dir/tests/machine/test_c64_boot_progression.c.o
[ 56%] Building C object CMakeFiles/test_c64_keyboard.dir/tests/machine/test_c64_keyboard.c.o
[ 56%] Building C object CMakeFiles/test_c64_disk_load.dir/tests/machine/test_c64_disk_load.c.o
[ 56%] Built target test_sid
[ 57%] Building C object CMakeFiles/test_c64_real_1541_load.dir/tests/machine/test_c64_real_1541_load.c.o
[ 57%] Linking C executable test_c64_keyboard
[ 58%] Building C object src/runtime/CMakeFiles/runtime.dir/runtime_breakpoint_ini.c.o
[ 58%] Linking C executable test_c64_real_1541_load
[ 58%] Building C object src/runtime/CMakeFiles/runtime.dir/runtime_command.c.o
[ 59%] Linking C executable test_c64_cia
[ 59%] Linking C executable test_c64_boot_progression
[ 60%] Linking C executable test_c64_disk_load
[ 60%] Built target test_c64_keyboard
[ 60%] Building C object src/runtime/CMakeFiles/runtime.dir/runtime_event.c.o
[ 60%] Building C object CMakeFiles/test_c64_robocop_g64.dir/tests/machine/test_c64_robocop_g64.c.o
[ 60%] Built target test_c64_real_1541_load
[ 60%] Built target test_c64_boot_progression
[ 60%] Built target test_c64_cia
[ 61%] Building C object src/runtime/CMakeFiles/runtime.dir/runtime_frame_ring.c.o
[ 61%] Building C object CMakeFiles/probe_c64_arkanoid_g64.dir/tests/machine/probe_c64_arkanoid_g64.c.o
[ 61%] Built target test_c64_disk_load
[ 61%] Building C object CMakeFiles/test_c64_cpu_observer.dir/tests/machine/test_c64_cpu_observer.c.o
[ 62%] Building C object CMakeFiles/profile_c64_hotloop.dir/tools/profile_c64_hotloop.c.o
[ 63%] Building C object CMakeFiles/run_c64m_cia_corpus.dir/tools/cia-timing-corpus/run_c64m.c.o
[ 63%] Building C object src/runtime/CMakeFiles/runtime.dir/runtime_vic_ring.c.o
[ 63%] Building C object src/runtime/CMakeFiles/runtime.dir/runtime_history.c.o
[ 64%] Linking C executable test_c64_robocop_g64
[ 64%] Linking C executable probe_c64_arkanoid_g64
[ 65%] Building C object src/runtime/CMakeFiles/runtime.dir/runtime_history_query_parse.c.o
[ 65%] Linking C executable profile_c64_hotloop
[ 65%] Linking C executable run_c64m_cia_corpus
[ 66%] Linking C executable test_c64_vicii
[ 66%] Building C object src/runtime/CMakeFiles/runtime.dir/runtime_history_wire.c.o
[ 66%] Linking C executable test_c64_cpu_observer
[ 66%] Built target profile_c64_hotloop
[ 66%] Built target probe_c64_arkanoid_g64
[ 66%] Built target test_c64_robocop_g64
[ 67%] Building C object src/runtime/CMakeFiles/runtime.dir/runtime_thread.c.o
[ 67%] Building C object src/runtime/CMakeFiles/runtime.dir/runtime_inspector.c.o
[ 67%] Building C object src/runtime/CMakeFiles/runtime.dir/runtime.c.o
[ 67%] Built target run_c64m_cia_corpus
[ 67%] Built target test_c64_vicii
[ 67%] Built target test_c64_cpu_observer
[ 68%] Linking C static library libruntime.a
[ 68%] Built target runtime
[ 69%] Building C object CMakeFiles/test_c64_cpu_validation.dir/tests/machine/test_c64_cpu_validation.c.o
[ 70%] Building C object src/control/CMakeFiles/control.dir/control_deferred.c.o
[ 70%] Building C object CMakeFiles/profile_runtime_hotloop.dir/tools/profile_runtime_hotloop.c.o
[ 70%] Building C object src/frontend/CMakeFiles/frontend.dir/c64_layout.c.o
[ 70%] Building C object CMakeFiles/eod_regression_capture.dir/tools/eod_regression_capture.c.o
[ 70%] Building C object CMakeFiles/profile_history_query.dir/tools/profile_history_query.c.o
[ 71%] Building C object CMakeFiles/test_runtime_romboot.dir/tests/runtime/test_runtime_romboot.c.o
[ 71%] Building C object CMakeFiles/test_runtime_scheduler.dir/tests/runtime/test_runtime_scheduler.c.o
[ 72%] Linking C executable profile_history_query
[ 72%] Building C object src/control/CMakeFiles/control.dir/control_protocol.c.o
[ 72%] Linking C executable test_runtime_romboot
[ 72%] Building C object src/frontend/CMakeFiles/frontend.dir/crt_renderer.c.o
[ 73%] Linking C executable eod_regression_capture
[ 73%] Linking C executable profile_runtime_hotloop
[ 73%] Built target profile_history_query
[ 74%] Building C object src/frontend/CMakeFiles/frontend.dir/disk_led_data.c.o
[ 74%] Built target test_runtime_romboot
[ 74%] Built target eod_regression_capture
[ 74%] Building C object CMakeFiles/test_runtime_frame.dir/tests/runtime/test_runtime_frame.c.o
[ 74%] Building C object src/control/CMakeFiles/control.dir/control_server.c.o
[ 74%] Built target profile_runtime_hotloop
[ 74%] Building C object CMakeFiles/test_runtime_disk.dir/tests/runtime/test_runtime_disk.c.o
[ 74%] Building C object src/frontend/CMakeFiles/frontend.dir/disasm_pc_lock.c.o
[ 74%] Building C object CMakeFiles/test_runtime_crt.dir/tests/runtime/test_runtime_crt.c.o
[ 75%] Building C object src/frontend/CMakeFiles/frontend.dir/frontend.c.o
[ 75%] Linking C executable test_c64_cpu_validation
[ 76%] Linking C executable test_runtime_frame
[ 76%] Building C object src/frontend/CMakeFiles/frontend.dir/frontend_input.c.o
[ 76%] Linking C executable test_runtime_disk
[ 76%] Linking C executable test_runtime_scheduler
[ 76%] Built target test_c64_cpu_validation
[ 76%] Built target test_runtime_frame
[ 76%] Built target test_runtime_disk
[ 76%] Built target test_runtime_scheduler
[ 76%] Building C object CMakeFiles/test_runtime_real_1541_autorun.dir/tests/runtime/test_runtime_real_1541_autorun.c.o
[ 76%] Building C object CMakeFiles/test_runtime_basic_run.dir/tests/runtime/test_runtime_basic_run.c.o
[ 76%] Building C object src/frontend/CMakeFiles/frontend.dir/frontend_joystick_input.c.o
[ 77%] Linking C executable test_runtime_crt
[ 77%] Building C object CMakeFiles/test_runtime_assembler.dir/tests/runtime/test_runtime_assembler.c.o
[ 78%] Linking C executable test_runtime_real_1541_autorun
[ 78%] Built target test_runtime_crt
[ 78%] Linking C executable test_runtime_basic_run
[ 79%] Building C object src/frontend/CMakeFiles/frontend.dir/help_view.c.o
[ 80%] Linking C executable test_runtime_assembler
[ 80%] Built target test_runtime_real_1541_autorun
[ 80%] Built target test_runtime_basic_run
[ 80%] Built target test_runtime_assembler
[ 81%] Building C object CMakeFiles/test_runtime_fileio.dir/tests/runtime/test_runtime_fileio.c.o
[ 81%] Building C object CMakeFiles/test_runtime_savestate.dir/tests/runtime/test_runtime_savestate.c.o
[ 81%] Building C object CMakeFiles/test_runtime_stepping.dir/tests/runtime/test_runtime_stepping.c.o
[ 81%] Linking C executable test_runtime_fileio
[ 82%] Linking C executable test_runtime_savestate
[ 83%] Linking C static library libcontrol.a
[ 83%] Building C object src/frontend/CMakeFiles/frontend.dir/forensics_view.c.o
[ 84%] Linking C executable test_runtime_stepping
[ 84%] Built target test_runtime_fileio
[ 84%] Built target test_runtime_savestate
[ 84%] Building C object src/frontend/CMakeFiles/frontend.dir/window_title.c.o
[ 85%] Building C object src/frontend/CMakeFiles/frontend.dir/nuklear_impl.c.o
[ 85%] Built target test_runtime_stepping
[ 85%] Building C object CMakeFiles/test_runtime_request_token.dir/tests/runtime/test_runtime_request_token.c.o
[ 85%] Built target control
[ 85%] Building C object CMakeFiles/test_runtime_memory_rpc.dir/tests/runtime/test_runtime_memory_rpc.c.o
[ 85%] Building C object CMakeFiles/test_runtime_run_to_raster.dir/tests/runtime/test_runtime_run_to_raster.c.o
[ 85%] Building C object CMakeFiles/test_runtime_flight_recorder.dir/tests/runtime/test_runtime_flight_recorder.c.o
[ 85%] Linking C executable test_runtime_request_token
[ 86%] Linking C executable test_runtime_run_to_raster
[ 87%] Linking C executable test_runtime_memory_rpc
[ 88%] Building C object CMakeFiles/test_runtime_breakpoint_condition.dir/tests/runtime/test_runtime_breakpoint_condition.c.o
[ 89%] Linking C executable test_runtime_flight_recorder
[ 89%] Built target test_runtime_request_token
[ 89%] Built target test_runtime_memory_rpc
[ 89%] Built target test_runtime_run_to_raster
[ 89%] Linking C executable test_runtime_breakpoint_condition
[ 89%] Building C object CMakeFiles/test_runtime_breakpoint_ini.dir/tests/runtime/test_runtime_breakpoint_ini.c.o
[ 89%] Built target test_runtime_flight_recorder
[ 89%] Building C object CMakeFiles/test_runtime_inspector.dir/tests/runtime/test_runtime_inspector.c.o
[ 89%] Building C object CMakeFiles/test_runtime_frame_ring.dir/tests/runtime/test_runtime_frame_ring.c.o
[ 90%] Building C object CMakeFiles/test_runtime_inspector_replay.dir/tests/runtime/test_runtime_inspector_replay.c.o
[ 90%] Built target test_runtime_breakpoint_condition
[ 91%] Linking C executable test_runtime_breakpoint_ini
[ 92%] Linking C executable test_runtime_inspector
[ 92%] Linking C executable test_runtime_frame_ring
[ 92%] Building C object CMakeFiles/test_runtime_inspector_mode.dir/tests/runtime/test_runtime_inspector_mode.c.o
[ 92%] Linking C executable test_runtime_inspector_replay
[ 92%] Built target test_runtime_inspector
[ 92%] Built target test_runtime_breakpoint_ini
[ 92%] Built target test_runtime_frame_ring
[ 92%] Building C object CMakeFiles/test_runtime_vic_ring.dir/tests/runtime/test_runtime_vic_ring.c.o
[ 93%] Building C object CMakeFiles/test_runtime_history.dir/tests/runtime/test_runtime_history.c.o
[ 94%] Building C object CMakeFiles/test_runtime_history_wire.dir/tests/runtime/test_runtime_history_wire.c.o
[ 94%] Built target test_runtime_inspector_replay
[ 95%] Building C object CMakeFiles/test_runtime_history_wire_decode.dir/tests/runtime/test_runtime_history_wire_decode.c.o
[ 95%] Linking C executable test_runtime_vic_ring
[ 95%] Linking C executable test_runtime_history_wire
[ 95%] Linking C executable test_runtime_inspector_mode
[ 95%] Linking C executable test_runtime_history_wire_decode
[ 95%] Built target test_runtime_history_wire
[ 95%] Built target test_runtime_vic_ring
[ 95%] Built target test_runtime_inspector_mode
[ 95%] Building C object CMakeFiles/test_runtime_history_query_parse.dir/tests/runtime/test_runtime_history_query_parse.c.o
[ 95%] Linking C executable test_runtime_history
[ 95%] Building C object CMakeFiles/test_runtime_history_sessions.dir/tests/runtime/test_runtime_history_sessions.c.o
[ 95%] Built target test_runtime_history_wire_decode
[ 96%] Building C object CMakeFiles/test_runtime_state_changed.dir/tests/runtime/test_runtime_state_changed.c.o
[ 96%] Building C object CMakeFiles/test_control_protocol.dir/tests/control/test_control_protocol.c.o
[ 96%] Built target test_runtime_history
[ 96%] Linking C executable test_runtime_state_changed
[ 97%] Linking C executable test_runtime_history_query_parse
[ 97%] Linking C executable test_runtime_history_sessions
[ 97%] Linking C executable test_control_protocol
[ 97%] Built target test_runtime_history_sessions
[ 97%] Built target test_runtime_history_query_parse
[ 97%] Built target test_runtime_state_changed
[ 97%] Built target test_control_protocol
[ 97%] Linking C static library libfrontend.a
[ 97%] Built target frontend
[ 97%] Building C object CMakeFiles/test_frontend_input.dir/tests/frontend/test_frontend_input.c.o
[ 97%] Building C object CMakeFiles/c64m.dir/src/app_options.c.o
[ 97%] Building C object CMakeFiles/test_help_view.dir/tests/frontend/test_help_view.c.o
[ 98%] Building C object CMakeFiles/c64m.dir/src/main.c.o
[ 98%] Building C object CMakeFiles/test_forensics_view.dir/tests/frontend/test_forensics_view.c.o
[ 99%] Building C object CMakeFiles/test_frontend_joystick.dir/tests/frontend/test_frontend_joystick.c.o
[ 99%] Linking C executable test_help_view
[100%] Linking C executable test_forensics_view
[100%] Linking C executable test_frontend_input
[100%] Linking C executable test_frontend_joystick
[100%] Built target test_help_view
[100%] Built target test_forensics_view
[100%] Built target test_frontend_input
[100%] Built target test_frontend_joystick
[100%] Linking C executable c64m
[100%] Built target c64m
